// Jest Snapshot v1, https://goo.gl/fbAQLP

exports[`snapshot test 1`] = `
<div
  class="App"
>
  <header
    class="App-header"
  >
    <img
      alt="logo"
      class="App-logo"
      src="logo.svg"
    />
    <h1
      class="App-title"
    >
      Welcome to React
    </h1>
  </header>
  <p
    class="App-intro"
  >
    To get started, edit 
    <code>
      src/App.js
    </code>
     and save to reload.
    <svg
      class="global-class-name"
      fill="currentColor"
      focusable="false"
      height="1em"
      stroke="currentColor"
      stroke-width="0"
      style="color: blue;"
      viewBox="0 0 24 24"
      width="1em"
      xmlns="http://www.w3.org/2000/svg"
    >
      <path
        d="M0 0h24v24H0z"
        fill="none"
      />
      <path
        d="M12 2c1.1 0 2 .9 2 2s-.9 2-2 2-2-.9-2-2 .9-2 2-2zm9 7h-6v13h-2v-6h-2v6H9V9H3V7h18v2z"
      />
    </svg>
    <svg
      class="global-class-name additional-class-name"
      color="red"
      fill="currentColor"
      focusable="false"
      height="1em"
      stroke="currentColor"
      stroke-width="0"
      style="color: red;"
      viewBox="0 0 512 512"
      width="1em"
      xmlns="http://www.w3.org/2000/svg"
    >
      <title>
        folder icon
      </title>
      <path
        d="M464 128H272l-64-64H48C21.49 64 0 85.49 0 112v288c0 26.51 21.49 48 48 48h416c26.51 0 48-21.49 48-48V176c0-26.51-21.49-48-48-48z"
      />
    </svg>
    <svg
      fill="currentColor"
      height="1em"
      stroke="currentColor"
      stroke-width="0"
      viewBox="0 0 24 24"
      width="1em"
      xmlns="http://www.w3.org/2000/svg"
    >
      <path
        d="M0 0h24v24H0z"
        fill="none"
      />
      <path
        d="M12 2c1.1 0 2 .9 2 2s-.9 2-2 2-2-.9-2-2 .9-2 2-2zm9 7h-6v13h-2v-6h-2v6H9V9H3V7h18v2z"
      />
    </svg>
    <svg
      fill="currentColor"
      height="1em"
      stroke="currentColor"
      stroke-width="0"
      viewBox="0 0 512 512"
      width="1em"
      xmlns="http://www.w3.org/2000/svg"
    >
      <path
        d="M464 128H272l-64-64H48C21.49 64 0 85.49 0 112v288c0 26.51 21.49 48 48 48h416c26.51 0 48-21.49 48-48V176c0-26.51-21.49-48-48-48z"
      />
    </svg>
    <svg
      baseProfile="tiny"
      fill="currentColor"
      height="1em"
      stroke="currentColor"
      stroke-width="0"
      version="1.2"
      viewBox="0 0 24 24"
      width="1em"
      xmlns="http://www.w3.org/2000/svg"
    >
      <title>
        arrow down icon
      </title>
      <path
        d="M16.707 13.293c-.391-.391-1.023-.391-1.414 0l-2.293 2.293v-7.586c0-.552-.447-1-1-1s-1 .448-1 1v7.586l-2.293-2.293c-.391-.391-1.023-.391-1.414 0s-.391 1.023 0 1.414l4.707 4.707 4.707-4.707c.391-.391.391-1.023 0-1.414z"
      />
    </svg>
    <svg
      fill="currentColor"
      height="1em"
      stroke="currentColor"
      stroke-width="0"
      viewBox="0 0 24 24"
      width="1em"
      xmlns="http://www.w3.org/2000/svg"
    >
      <path
        d="M12,2 C6.485,2 2,6.485 2,12 C2,17.515 6.485,22 12,22 C17.515,22 22,17.515 22,12 C22,6.485 17.515,2 12,2 Z"
        fill="none"
        stroke-width="4"
      />
    </svg>
    <svg
      fill="currentColor"
      height="1em"
      stroke="currentColor"
      stroke-width="0"
      viewBox="0 0 32 32"
      width="1em"
      xmlns="http://www.w3.org/2000/svg"
    >
      <path
        d="M 21.300781 6 C 21.143781 6 21 6.1257812 21 6.3007812 L 21 11.796875 L 19.753906 11.070312 C 19.675906 11.024313 19.588 11.001953 19.5 11.001953 C 19.412 11.001953 19.324094 11.024312 19.246094 11.070312 L 16.251953 12.816406 C 16.095953 12.906406 16 13.072953 16 13.251953 L 16 16.748047 C 16 16.928047 16.095953 17.093594 16.251953 17.183594 L 19.246094 18.929688 C 19.324094 18.975687 19.412 18.998047 19.5 18.998047 C 19.588 18.998047 19.675906 18.975688 19.753906 18.929688 L 22.748047 17.183594 C 22.904047 17.093594 23 16.927047 23 16.748047 L 23 15 L 23 13.251953 L 23 7.2304688 C 23 7.0524688 22.904953 6.8888281 22.751953 6.7988281 L 21.449219 6.0410156 C 21.400219 6.0130156 21.350781 6 21.300781 6 z M 11.5 11.001953 C 11.41225 11.001953 11.324594 11.024813 11.246094 11.070312 L 8.2519531 12.816406 C 8.0959531 12.906406 8 13.072953 8 13.251953 L 8 16.748047 C 8 16.928047 8.0959531 17.093594 8.2519531 17.183594 L 11.246094 18.929688 C 11.403094 19.020688 11.596906 19.020688 11.753906 18.929688 L 14.748047 17.183594 C 14.904047 17.093594 15 16.927047 15 16.748047 L 15 13.251953 C 15 13.071953 14.904047 12.906406 14.748047 12.816406 L 11.753906 11.070312 C 11.675406 11.024812 11.58775 11.001953 11.5 11.001953 z M 27.5 11.001953 C 27.412 11.001953 27.324094 11.024312 27.246094 11.070312 L 24.251953 12.816406 C 24.095953 12.906406 24 13.072953 24 13.251953 L 24 16.748047 C 24 16.928047 24.095953 17.093594 24.251953 17.183594 L 27.15625 18.939453 C 27.31225 19.034453 27.508016 19.035359 27.666016 18.943359 L 29.09375 18.113281 C 29.24175 18.028281 29.24275 17.813562 29.09375 17.726562 L 26 15.904297 L 26 14.109375 L 27.5 13.236328 L 29 14.109375 L 29 15.359375 C 29 15.526375 29.140375 15.552094 29.234375 15.496094 C 29.612375 15.274094 30.751953 14.613281 30.751953 14.613281 C 30.904953 14.524281 31 14.359641 31 14.181641 L 31 13.251953 C 31 13.071953 30.904047 12.906406 30.748047 12.816406 L 27.753906 11.070312 C 27.674906 11.024313 27.588 11.001953 27.5 11.001953 z M 3.5 11.003906 C 3.412 11.003906 3.3240937 11.026266 3.2460938 11.072266 L 0.25195312 12.816406 C 0.095953125 12.907406 0 13.073906 0 13.253906 L 0 17.716797 C 0 17.934797 0.23582812 18.069938 0.42382812 17.960938 L 1.7519531 17.1875 C 1.9049531 17.0975 2 16.933859 2 16.755859 L 2 14.113281 L 3.5 13.238281 L 5 14.113281 L 5 16.755859 C 5 16.933859 5.0950469 17.0975 5.2480469 17.1875 L 6.5761719 17.960938 C 6.7641719 18.070938 7 17.934797 7 17.716797 L 7 13.253906 C 7 13.073906 6.9040469 12.907406 6.7480469 12.816406 L 3.7539062 11.072266 C 3.6759063 11.026266 3.588 11.003906 3.5 11.003906 z M 19.5 13.236328 L 21 14.111328 L 21 15 L 21 15.888672 L 19.5 16.763672 L 18 15.888672 L 18 14.111328 L 19.5 13.236328 z M 27.5 14.003906 L 26.642578 14.503906 L 26.642578 15.501953 L 27.5 16 L 28.357422 15.501953 L 28.357422 14.503906 L 27.5 14.003906 z M 15.40625 17.998047 C 15.303375 17.998047 15.199375 18.023219 15.109375 18.074219 L 12.296875 19.699219 C 12.111875 19.801219 12 20.001938 12 20.210938 L 12 23.457031 C 12 23.666031 12.116875 23.86275 12.296875 23.96875 L 13.037109 24.390625 C 13.392109 24.565625 13.522594 24.566406 13.683594 24.566406 C 14.213594 24.566406 14.515625 24.249453 14.515625 23.689453 L 14.515625 20.482422 C 14.515625 20.433422 14.477594 20.398438 14.433594 20.398438 L 14.078125 20.398438 C 14.029125 20.398438 13.994141 20.438422 13.994141 20.482422 L 13.994141 23.689453 C 13.994141 23.932453 13.737359 24.181656 13.318359 23.972656 L 12.548828 23.529297 C 12.523828 23.514297 12.505859 23.484078 12.505859 23.455078 L 12.505859 20.208984 C 12.505859 20.179984 12.519828 20.145859 12.548828 20.130859 L 15.361328 18.509766 C 15.391328 18.494766 15.425219 18.494766 15.449219 18.509766 L 18.263672 20.130859 C 18.292672 20.145859 18.306641 20.174984 18.306641 20.208984 L 18.306641 23.455078 C 18.306641 23.489078 18.287672 23.518203 18.263672 23.533203 L 15.449219 25.160156 C 15.424219 25.175156 15.385328 25.175156 15.361328 25.160156 L 14.642578 24.732422 C 14.623578 24.722422 14.593219 24.716562 14.574219 24.726562 C 14.375219 24.843563 14.335391 24.858875 14.150391 24.921875 C 14.101391 24.936875 14.034781 24.966922 14.175781 25.044922 L 15.109375 25.599609 C 15.202375 25.648609 15.30425 25.677734 15.40625 25.677734 C 15.51325 25.677734 15.617219 25.648703 15.699219 25.595703 L 18.511719 23.96875 C 18.696719 23.86675 18.808594 23.666031 18.808594 23.457031 L 18.808594 20.210938 C 18.808594 20.001938 18.691719 19.806219 18.511719 19.699219 L 15.699219 18.074219 C 15.611719 18.023219 15.509125 17.998047 15.40625 17.998047 z M 19.792969 19.496094 C 19.505969 19.496094 19.253906 19.728156 19.253906 20.035156 C 19.253906 20.332156 19.495969 20.576172 19.792969 20.576172 C 20.089969 20.576172 20.332031 20.332156 20.332031 20.035156 C 20.332031 19.728156 20.084969 19.491094 19.792969 19.496094 z M 19.787109 19.582031 C 20.041109 19.582031 20.246094 19.782156 20.246094 20.035156 C 20.246094 20.283156 20.040109 20.488141 19.787109 20.494141 C 19.538109 20.494141 19.335938 20.288156 19.335938 20.035156 C 19.335938 19.782156 19.539109 19.582031 19.787109 19.582031 z M 19.589844 19.728516 L 19.589844 20.335938 L 19.705078 20.335938 L 19.705078 20.09375 L 19.8125 20.09375 C 19.8565 20.09375 19.866953 20.112484 19.876953 20.146484 C 19.876953 20.151484 19.895391 20.308891 19.900391 20.337891 L 20.025391 20.337891 C 20.011391 20.308891 20.001094 20.225781 19.996094 20.175781 C 19.982094 20.097781 19.977531 20.044062 19.894531 20.039062 C 19.938531 20.024063 20.011719 20.000672 20.011719 19.888672 C 20.011719 19.727672 19.871828 19.728516 19.798828 19.728516 L 19.589844 19.728516 z M 19.705078 19.826172 L 19.802734 19.826172 C 19.832734 19.826172 19.890625 19.825203 19.890625 19.908203 C 19.890625 19.942203 19.875875 19.997094 19.796875 19.996094 L 19.705078 19.996094 L 19.705078 19.826172 z M 16.160156 20.322266 C 15.357156 20.322266 14.880859 20.664516 14.880859 21.228516 C 14.880859 21.846516 15.357953 22.011844 16.126953 22.089844 C 17.046953 22.181844 17.119141 22.314141 17.119141 22.494141 C 17.119141 22.810141 16.865484 22.941406 16.271484 22.941406 C 15.526484 22.941406 15.362594 22.756719 15.308594 22.386719 C 15.303594 22.347719 15.268609 22.318359 15.224609 22.318359 L 14.859375 22.318359 C 14.815375 22.318359 14.777344 22.353344 14.777344 22.402344 C 14.777344 22.874344 15.034625 23.439453 16.265625 23.439453 C 17.168625 23.438453 17.679688 23.088609 17.679688 22.474609 C 17.679688 21.866609 17.270297 21.704891 16.404297 21.587891 C 15.528297 21.470891 15.441406 21.412031 15.441406 21.207031 C 15.441406 21.037031 15.513156 20.814453 16.160156 20.814453 C 16.739156 20.814453 16.954969 20.941078 17.042969 21.330078 C 17.052969 21.369078 17.080141 21.392578 17.119141 21.392578 L 17.484375 21.392578 C 17.508375 21.392578 17.528969 21.383141 17.542969 21.369141 C 17.557969 21.350141 17.5675 21.330641 17.5625 21.306641 C 17.5045 20.634641 17.061156 20.322266 16.160156 20.322266 z"
      />
    </svg>
    <svg
      fill="none"
      height="1em"
      stroke="currentColor"
      stroke-linecap="round"
      stroke-linejoin="round"
      stroke-width="2"
      viewBox="0 0 24 24"
      width="1em"
      xmlns="http://www.w3.org/2000/svg"
    >
      <path
        d="M13.163 2.168l8.021 5.828c.694 .504 .984 1.397 .719 2.212l-3.064 9.43a1.978 1.978 0 0 1 -1.881 1.367h-9.916a1.978 1.978 0 0 1 -1.881 -1.367l-3.064 -9.43a1.978 1.978 0 0 1 .719 -2.212l8.021 -5.828a1.978 1.978 0 0 1 2.326 0z"
      />
      <path
        d="M10 10v4a2 2 0 1 0 4 0v-4a2 2 0 1 0 -4 0z"
      />
    </svg>
  </p>
</div>
`;
